//
// AUTO-GENERATED FILE. DO NOT MODIFY.
//
// This class was automatically generated by Apollo GraphQL version '$VERSION'.
//
package com.example.operationbased2_ex8.fragment

import com.apollographql.apollo3.api.unsafeCastOrCast
import kotlin.Int
import kotlin.String

public interface AnimalFragment {
  public val species: String

  public val parent: Parent

  public interface Parent {
    public val __typename: String

    public val species: String

    public companion object {
      public fun Parent.asLion() = this.unsafeCastOrCast<LionParent>()

      public fun Parent.asCat() = this.unsafeCastOrCast<CatParent>()
    }
  }

  public interface LionParent : Parent {
    public override val __typename: String

    public override val species: String

    public val temperature: Int
  }

  public interface CatParent : Parent {
    public override val __typename: String

    public override val species: String

    public val name: String
  }
}
