//
// AUTO-GENERATED FILE. DO NOT MODIFY.
//
// This class was automatically generated by Apollo GraphQL version '$VERSION'.
//
package com.example.fragment_with_multiple_fieldsets.fragment

import com.apollographql.apollo3.api.unsafeCastOrCast
import kotlin.String

public interface IFragment {
  public val __typename: String

  public companion object {
    public fun IFragment.asA() = this.unsafeCastOrCast<AIFragment>()
  }
}

public interface AIFragment : IFragment {
  public override val __typename: String

  public val fieldA: String?
}
