//
// AUTO-GENERATED FILE. DO NOT MODIFY.
//
// This class was automatically generated by Apollo GraphQL version '$VERSION'.
//
package com.example.fragment_used_twice.fragment

import com.apollographql.apollo3.api.unsafeCastOrCast
import kotlin.Any
import kotlin.String

public interface HumanDetails {
  public val __typename: String

  /**
   * What this human calls themselves
   */
  public val name: String

  public companion object {
    public fun HumanDetails.characterDetails() = this.unsafeCastOrCast<CharacterDetails>()

    public fun HumanDetails.asCharacter() = this.unsafeCastOrCast<CharacterHumanDetails>()
  }
}

public interface CharacterHumanDetails : HumanDetails, CharacterDetails {
  public override val __typename: String

  /**
   * Merged field with multiple descriptions. See parentTypes: 'Human, Character' for more
   * information
   */
  public override val name: String

  /**
   * The date character was born.
   */
  public override val birthDate: Any
}
