//
// AUTO-GENERATED FILE. DO NOT MODIFY.
//
// This class was automatically generated by Apollo GraphQL version '$VERSION'.
//
package com.example.simple_fragment.fragment

import com.apollographql.apollo3.api.unsafeCastOrCast
import kotlin.String

internal interface HeroDetails {
  public val __typename: String

  public companion object {
    public fun HeroDetails.humanDetails() = this.unsafeCastOrCast<HumanDetails>()

    public fun HeroDetails.asHuman() = this.unsafeCastOrCast<HumanHeroDetails>()
  }
}

internal interface HumanHeroDetails : HeroDetails, HumanDetails {
  public override val __typename: String

  /**
   * What this human calls themselves
   */
  public override val name: String
}
